TK_ID ( TK_ID : TK_INT ) : [ TK_INT ] { TK_ID : TK_INT ; TK_ID : [ TK_INT ] ; TK_IF TK_ID < TK_INTEGER { TK_ID : [ TK_INT ] ; TK_ID = TK_NEW TK_INT [ TK_INTEGER ] ; TK_ID [ TK_INTEGER ] = - TK_INTEGER ; TK_RETURN TK_ID ; } @ TK_INTEGER ; @ TK_INTEGER ; TK_ID = TK_INTEGER ; TK_ID = TK_NEW TK_INT [ TK_ID ] ; TK_ID [ TK_INTEGER ] = TK_INTEGER ; TK_ID [ TK_INTEGER ] = TK_INTEGER ; TK_WHILE TK_ID < TK_ID { @ TK_ID ; TK_ID [ TK_ID ] = TK_ID [ TK_ID - TK_INTEGER ] + TK_ID [ TK_ID - TK_INTEGER ] ; TK_ID = TK_ID + TK_INTEGER ; } TK_RETURN TK_ID ; } TK_ID ( ) : TK_INT { @ TK_ID ( TK_INTEGER ) ; TK_RETURN TK_INTEGER ; }
