TK_AS TK_CHAR TK_ELSE TK_FLOAT TK_IF TK_INT TK_NEW TK_RETURN TK_BOOL TK_FALSE TK_TRUE TK_WHILE TK_EQ TK_NE TK_LE TK_GE TK_AND TK_OR TK_STRING - - - + + + * / , : ; ( ) { } = @ < > [ ] TK_STRING TK_STRING TK_STRING TK_STRING TK_STRING TK_STRING TK_INT TK_INTEGER TK_INTEGER TK_INTEGER TK_INTEGER TK_INTEGER TK_INTEGER TK_INTEGER TK_FLOAT TK_FLOATING TK_FLOATING TK_FLOATING TK_FLOATING TK_FLOATING TK_FLOATING TK_FLOATING TK_FLOATING TK_FLOATING TK_FLOATING TK_FLOATING TK_FLOATING TK_FLOATING TK_FLOATING TK_FLOATING TK_FLOATING TK_FLOATING TK_FLOATING TK_FLOATING TK_FLOATING TK_FLOATING TK_FLOATING TK_FLOATING TK_FLOATING TK_FLOATING TK_FLOATING TK_FLOATING TK_FLOATING TK_FLOATING TK_FLOATING TK_FLOAT TK_FLOATING TK_FLOATING TK_FLOATING TK_FLOATING TK_FLOATING TK_FLOATING TK_FLOATING TK_FLOATING TK_FLOATING TK_FLOATING TK_FLOATING TK_FLOATING TK_FLOATING TK_FLOATING TK_FLOATING TK_FLOATING TK_FLOATING TK_FLOATING TK_FLOATING TK_FLOATING TK_FLOATING TK_FLOATING TK_FLOATING TK_FLOATING TK_FLOATING TK_FLOATING TK_FLOATING TK_FLOATING TK_FLOATING TK_FLOATING TK_FLOATING TK_FLOATING TK_FLOATING TK_FLOATING TK_FLOATING TK_FLOATING TK_BOOL TK_FLOATING TK_FLOATING TK_FLOATING TK_FLOATING TK_FLOATING TK_FLOATING TK_FLOATING TK_FLOATING TK_FLOATING TK_FLOATING TK_FLOATING TK_FLOATING TK_FLOATING TK_FLOATING TK_FLOATING TK_FLOATING TK_FLOATING TK_FLOATING TK_FLOATING TK_FLOATING TK_FLOATING TK_FLOATING TK_FLOATING TK_FLOATING TK_FLOATING TK_FLOATING TK_FLOATING TK_FLOATING TK_FLOATING TK_FLOATING TK_FLOATING TK_FLOATING TK_FLOATING TK_FLOATING TK_FLOATING TK_FLOATING TK_FLOATING TK_FLOATING TK_FLOATING TK_FLOATING TK_FLOATING TK_FLOATING TK_FLOATING TK_FLOATING TK_FLOATING TK_FLOATING TK_FLOATING TK_FLOATING TK_FLOATING TK_FLOATING TK_FLOATING TK_FLOATING TK_FLOATING TK_FLOATING TK_FLOATING TK_FLOATING TK_FLOATING TK_FLOATING TK_FLOATING TK_FLOATING 
